Microchip MPLAB XC8 Compiler V2.32

Linker command line:

-W-3 --edf=C:\Program Files\Microchip\xc8\v2.32\pic\dat\en_msgs.txt -cn \
  -h+dist/default/production\C_u4.X.production.sym \
  --cmf=dist/default/production\C_u4.X.production.cmf -z -Q16F887 \
  -oC:\Users\DATA\AppData\Local\Temp\xcAs2qs.4 --defsym=__MPLAB_BUILD=1 \
  -Mdist/default/production/C_u4.X.production.map -E1 -ver=XC8 Compiler \
  --acfsm=1493 -ASTACK=0110h-016Fh -pstack=STACK -ACODE=00h-07FFhx4 \
  -ASTRCODE=00h-01FFFh -ASTRING=00h-0FFhx32 -ACONST=00h-0FFhx32 \
  -AENTRY=00h-0FFhx32 -ACOMMON=070h-07Fh -ABANK0=020h-06Fh \
  -ABANK1=0A0h-0EFh -ABANK2=0110h-016Fh -ABANK3=0190h-01EFh \
  -ARAM=020h-06Fh,0A0h-0EFh,0110h-016Fh,0190h-01EFh \
  -AABS1=020h-07Fh,0A0h-0EFh,0110h-016Fh,0190h-01EFh -ASFR0=00h-01Fh \
  -ASFR1=080h-09Fh -ASFR2=0100h-010Fh -ASFR3=0180h-018Fh \
  -ACONFIG=02007h-02008h -DCONFIG=2 -AIDLOC=02000h-02003h -DIDLOC=2 \
  -AEEDATA=00h-0FFh/02100h -peeprom_data=EEDATA -DEEDATA=2 -DCODE=2 \
  -DSTRCODE=2 -DSTRING=2 -DCONST=2 -DENTRY=2 \
  -preset_vec=00h,intentry,init,end_init -ppowerup=CODE -pcinit=CODE \
  -pfunctab=ENTRY -k C:\Users\DATA\AppData\Local\Temp\xcAs2qs.o \
  dist/default/production\C_u4.X.production.o 

Object code version is 3.11

Machine type is 16F887



                Name                               Link     Load   Length Selector   Space Scale
C:\Users\DATA\AppData\Local\Temp\xcAs2qs.o
                end_init                              0        0        3        0       0
                config                             2007     2007        2        0       4
dist/default/production\C_u4.X.production.o
                cinit                               7FC      7FC        4      FF8       0
                config                             2007     2007        2        0       4
                text8                               552      552       30      AA4       0
                text7                               5BB      5BB       44      B76       0
                text6                               582      582       39      B04       0
                text5                               65B      65B       A3      CB6       0
                text4                               52C      52C       26      A58       0
                text3                               5FF      5FF       5C      BFE       0
                text2                               509      509       23      A12       0
                text1                               4E9      4E9       20      9D2       0
                maintext                            6FE      6FE       FE      DFC       0
                cstackBANK0                          20       20        4       20       1
                cstackCOMMON                         70       70        E       70       1
                strings                               3        3       68        6       0

TOTAL           Name                               Link     Load   Length     Space
        CLASS   STACK          

        CLASS   CODE           
                end_init                              0        0        3         0
                cinit                               7FC      7FC        4         0
                text8                               552      552       30         0
                text7                               5BB      5BB       44         0
                text6                               582      582       39         0
                text5                               65B      65B       A3         0
                text4                               52C      52C       26         0
                text3                               5FF      5FF       5C         0
                text2                               509      509       23         0
                text1                               4E9      4E9       20         0
                maintext                            6FE      6FE       FE         0

        CLASS   STRCODE        

        CLASS   STRING         
                strings                               3        3       68         0

        CLASS   CONST          

        CLASS   ENTRY          

        CLASS   COMMON         
                cstackCOMMON                         70       70        E         1

        CLASS   BANK0          
                cstackBANK0                          20       20        4         1

        CLASS   BANK1          

        CLASS   BANK2          

        CLASS   BANK3          

        CLASS   RAM            

        CLASS   ABS1           
                abs_s1                               7E       7E        2         1

        CLASS   SFR0           

        CLASS   SFR1           

        CLASS   SFR2           

        CLASS   SFR3           

        CLASS   CONFIG         
                config                             2007     2007        2         4

        CLASS   IDLOC          

        CLASS   EEDATA         



SEGMENTS        Name                           Load    Length   Top    Selector   Space  Class     Delta

                reset_vec                      000000  000003  000003         0       0  CODE        2
                strings                        000003  000068  00006B         6       0  STRING      2
                cstackBANK0                    000020  000004  000024        20       1  BANK0       1
                cstackCOMMON                   000070  00000E  00007E        70       1  COMMON      1
                text1                          0004E9  000020  000509       9D2       0  CODE        2
                text2                          000509  000023  00052C       A12       0  CODE        2
                text4                          00052C  000026  000552       A58       0  CODE        2
                text8                          000552  000030  000582       AA4       0  CODE        2
                text6                          000582  000039  0005BB       B04       0  CODE        2
                text7                          0005BB  000044  0005FF       B76       0  CODE        2
                text3                          0005FF  00005C  00065B       BFE       0  CODE        2
                text5                          00065B  0000A3  0006FE       CB6       0  CODE        2
                maintext                       0006FE  0000FE  0007FC       DFC       0  CODE        2
                cinit                          0007FC  000004  000800       FF8       0  CODE        2


UNUSED ADDRESS RANGES

        Name                Unused          Largest block    Delta
        BANK0            0024-006F             4C           1
        BANK1            00A0-00EF             50           1
        BANK2            0110-016F             60           1
        BANK3            0190-01EF             60           1
        CODE             006B-04E8            47E           2
                         0800-1FFF            800
        CONST            006B-04E8            100           2
                         0800-1FFF            100
        EEDATA           2100-21FF            100           2
        ENTRY            006B-04E8            100           2
                         0800-1FFF            100
        IDLOC            2000-2003              4           2
        RAM              0024-006F             4C           1
                         00A0-00EF             50
                         0110-016F             60
                         0190-01EF             60
        SFR0             0000-001F             20           1
        SFR1             0080-009F             20           1
        SFR2             0100-010F             10           1
        SFR3             0180-018F             10           1
        STACK            0110-016F             60           1
        STRCODE          006B-04E8            47E           2
                         0800-1FFF           1800
        STRING           006B-04E8            100           2
                         0800-1FFF            100

                                  Symbol Table

_ANSEL                   (abs)        0188
_ANSELH                  (abs)        0189
_CCP2CON                 (abs)        001D
_CCPR2L                  (abs)        001B
_DC2B0                   (abs)        00EC
_DC2B1                   (abs)        00ED
_PR2                     (abs)        0092
_RB0                     (abs)        0030
_RB1                     (abs)        0031
_RD1                     (abs)        0041
_RD2                     (abs)        0042
_RD3                     (abs)        0043
_RD4                     (abs)        0044
_RD5                     (abs)        0045
_RD6                     (abs)        0046
_RD7                     (abs)        0047
_RE0                     (abs)        0048
_T2CON                   (abs)        0012
_TMR2                    (abs)        0011
_TMR2ON                  (abs)        0092
_TRISB                   (abs)        0086
_TRISC1                  (abs)        0439
_TRISC2                  (abs)        043A
_TRISD1                  (abs)        0441
_TRISD2                  (abs)        0442
_TRISD3                  (abs)        0443
_TRISD4                  (abs)        0444
_TRISD5                  (abs)        0445
_TRISD6                  (abs)        0446
_TRISD7                  (abs)        0447
_TRISE0                  (abs)        0448
_WPUB                    (abs)        0095
__Habs1                  abs1         0000
__Hbank0                 bank0        0000
__Hbank1                 bank1        0000
__Hbank2                 bank2        0000
__Hbank3                 bank3        0000
__Hcinit                 cinit        0800
__Hclrtext               clrtext      0000
__Hcode                  code         0000
__Hcommon                common       0000
__Hconfig                config       2009
__HcstackBANK0           cstackBANK0  0000
__HcstackCOMMON          cstackCOMMON 0000
__Heeprom_data           eeprom_data  0000
__Hend_init              end_init     0003
__Hfunctab               functab      0000
__Hinit                  init         0000
__Hintentry              intentry     0000
__Hmaintext              maintext     0000
__Hpowerup               powerup      0000
__Hram                   ram          0000
__Hreset_vec             reset_vec    0000
__Hsfr0                  sfr0         0000
__Hsfr1                  sfr1         0000
__Hsfr2                  sfr2         0000
__Hsfr3                  sfr3         0000
__Hspace_0               (abs)        0800
__Hspace_1               (abs)        007E
__Hspace_2               (abs)        0000
__Hspace_3               (abs)        0000
__Hspace_4               (abs)        4010
__Hstack                 stack        0000
__Hstrings               strings      0000
__Htext                  text         0000
__Labs1                  abs1         0000
__Lbank0                 bank0        0000
__Lbank1                 bank1        0000
__Lbank2                 bank2        0000
__Lbank3                 bank3        0000
__Lcinit                 cinit        07FC
__Lclrtext               clrtext      0000
__Lcode                  code         0000
__Lcommon                common       0000
__Lconfig                config       0000
__LcstackBANK0           cstackBANK0  0000
__LcstackCOMMON          cstackCOMMON 0000
__Leeprom_data           eeprom_data  0000
__Lend_init              end_init     0000
__Lfunctab               functab      0000
__Linit                  init         0000
__Lintentry              intentry     0000
__Lmaintext              maintext     0000
__Lpowerup               powerup      0000
__Lram                   ram          0000
__Lreset_vec             reset_vec    0000
__Lsfr0                  sfr0         0000
__Lsfr1                  sfr1         0000
__Lsfr2                  sfr2         0000
__Lsfr3                  sfr3         0000
__Lspace_0               (abs)        0000
__Lspace_1               (abs)        0000
__Lspace_2               (abs)        0000
__Lspace_3               (abs)        0000
__Lspace_4               (abs)        0000
__Lstack                 stack        0000
__Lstrings               strings      0000
__Ltext                  text         0000
__S0                     (abs)        0800
__S1                     (abs)        007E
__S2                     (abs)        0000
__S3                     (abs)        0000
___int_sp                stack        0000
___latbits               (abs)        0002
___sp                    stack        0000
___stackhi               (abs)        0000
___stacklo               (abs)        0000
__end_of__initialization cinit        07FC
__end_of__stringtab      strings      0009
__end_of_cgram_dat       strings      0032
__end_of_dat_line1       strings      003D
__end_of_dat_line2       strings      004E
__end_of_lcd_busy        text8        0582
__end_of_lcd_gotoxy      text4        0552
__end_of_lcd_init        text5        06FE
__end_of_lcd_put_byte    text6        05BB
__end_of_lcd_put_nibble  text7        05FF
__end_of_lcd_putc        text3        065B
__end_of_lcd_puts        text2        052C
__end_of_main            maintext     07FC
__end_of_setup_ccp2      text1        0509
__initialization         cinit        07FC
__pcstackBANK0           cstackBANK0  0020
__pcstackCOMMON          cstackCOMMON 0070
__pmaintext              maintext     06FE
__pstrings               strings      0003
__ptext1                 text1        04E9
__ptext2                 text2        0509
__ptext3                 text3        05FF
__ptext4                 text4        052C
__ptext5                 text5        065B
__ptext6                 text6        0582
__ptext7                 text7        05BB
__ptext8                 text8        0552
__size_of_lcd_busy       (abs)        0000
__size_of_lcd_gotoxy     (abs)        0000
__size_of_lcd_init       (abs)        0000
__size_of_lcd_put_byte   (abs)        0000
__size_of_lcd_put_nibble (abs)        0000
__size_of_lcd_putc       (abs)        0000
__size_of_lcd_puts       (abs)        0000
__size_of_main           (abs)        0000
__size_of_setup_ccp2     (abs)        0000
__stringbase             strings      0008
__stringtab              strings      0003
_cgram_dat               strings      0009
_dat_line1               strings      0032
_dat_line2               strings      003D
_lcd_busy                text8        0552
_lcd_gotoxy              text4        052C
_lcd_init                text5        065B
_lcd_put_byte            text6        0582
_lcd_put_nibble          text7        05BB
_lcd_putc                text3        05FF
_lcd_puts                text2        0509
_main                    maintext     06FE
_nRBPU                   (abs)        040F
_setup_ccp2              text1        04E9
btemp                    (abs)        007E
end_of_initialization    cinit        07FC
intlevel0                functab      0000
intlevel1                functab      0000
intlevel2                functab      0000
intlevel3                functab      0000
intlevel4                functab      0000
intlevel5                functab      0000
lcd_busy@busy            cstackCOMMON 0071
lcd_gotoxy@address       cstackCOMMON 0079
lcd_gotoxy@col           cstackCOMMON 0078
lcd_gotoxy@row           cstackCOMMON 0076
lcd_put_byte@b           cstackCOMMON 0073
lcd_put_byte@rs          cstackCOMMON 0075
lcd_put_nibble@b         cstackCOMMON 0071
lcd_put_nibble@temp      cstackCOMMON 0072
lcd_putc@c               cstackCOMMON 007C
lcd_puts@s               cstackBANK0  0020
main@i                   cstackBANK0  0023
reset_vec                reset_vec    0000
start                    init         0000
start_initialization     cinit        07FC
wtemp0                   (abs)        007E


MODULE INFORMATION

Module		Function		Class		Link	Load	Size
../hahahahahhahha.X/lcd.c
		_lcd_busy      		CODE           	0552	0000	48
		_lcd_putc      		CODE           	05FF	0000	92
		_lcd_puts      		CODE           	0509	0000	35
		_lcd_put_byte  		CODE           	0582	0000	57
		_lcd_put_nibble		CODE           	05BB	0000	68
		_lcd_gotoxy    		CODE           	052C	0000	38
		_lcd_init      		CODE           	065B	0000	163

../hahahahahhahha.X/lcd.c estimated size: 501

newmain.c
		_main          		CODE           	06FE	0000	254
		_setup_ccp2    		CODE           	04E9	0000	32

newmain.c estimated size: 286

shared
		__stringtab    		STRING         	0003	0000	6
		__initialization		CODE           	07FC	0000	1
		_dat_line1     		STRING         	0032	0000	11
		_dat_line2     		STRING         	003D	0000	17
		_cgram_dat     		STRING         	0009	0000	41

shared estimated size: 76

