Microchip MPLAB XC8 Compiler V2.32

Linker command line:

-W-3 --edf=C:\Program Files\Microchip\xc8\v2.32\pic\dat\en_msgs.txt -cn \
  -h+dist/default/production\MSSVcodau.X.production.sym \
  --cmf=dist/default/production\MSSVcodau.X.production.cmf -z -Q16F887 \
  -oC:\Users\DATA\AppData\Local\Temp\xcAs9dk.4 --defsym=__MPLAB_BUILD=1 \
  -Mdist/default/production/MSSVcodau.X.production.map -E1 \
  -ver=XC8 Compiler --acfsm=1493 -ASTACK=0110h-016Fh -pstack=STACK \
  -ACODE=00h-07FFhx4 -ASTRCODE=00h-01FFFh -ASTRING=00h-0FFhx32 \
  -ACONST=00h-0FFhx32 -AENTRY=00h-0FFhx32 -ACOMMON=070h-07Fh \
  -ABANK0=020h-06Fh -ABANK1=0A0h-0EFh -ABANK2=0110h-016Fh \
  -ABANK3=0190h-01EFh -ARAM=020h-06Fh,0A0h-0EFh,0110h-016Fh,0190h-01EFh \
  -AABS1=020h-07Fh,0A0h-0EFh,0110h-016Fh,0190h-01EFh -ASFR0=00h-01Fh \
  -ASFR1=080h-09Fh -ASFR2=0100h-010Fh -ASFR3=0180h-018Fh \
  -ACONFIG=02007h-02008h -DCONFIG=2 -AIDLOC=02000h-02003h -DIDLOC=2 \
  -AEEDATA=00h-0FFh/02100h -peeprom_data=EEDATA -DEEDATA=2 -DCODE=2 \
  -DSTRCODE=2 -DSTRING=2 -DCONST=2 -DENTRY=2 \
  -preset_vec=00h,intentry,init,end_init -ppowerup=CODE -pcinit=CODE \
  -pfunctab=ENTRY -k C:\Users\DATA\AppData\Local\Temp\xcAs9dk.o \
  dist/default/production\MSSVcodau.X.production.o 

Object code version is 3.11

Machine type is 16F887



                Name                               Link     Load   Length Selector   Space Scale
C:\Users\DATA\AppData\Local\Temp\xcAs9dk.o
                end_init                              0        0        3        0       0
                config                             2007     2007        2        0       4
dist/default/production\MSSVcodau.X.production.o
                cinit                               7FC      7FC        4      FF8       0
                config                             2007     2007        2        0       4
                text7                               575      575       30      AEA       0
                text6                               5DE      5DE       44      BBC       0
                text5                               5A5      5A5       39      B4A       0
                text4                               67E      67E       A3      CFC       0
                text3                               54F      54F       26      A9E       0
                text2                               622      622       5C      C44       0
                text1                               52C      52C       23      A58       0
                maintext                            721      721       DB      E42       0
                cstackBANK0                          20       20        5       20       1
                cstackCOMMON                         70       70        E       70       1
                strings                               3        3       58        6       0

TOTAL           Name                               Link     Load   Length     Space
        CLASS   STACK          

        CLASS   CODE           
                end_init                              0        0        3         0
                cinit                               7FC      7FC        4         0
                text7                               575      575       30         0
                text6                               5DE      5DE       44         0
                text5                               5A5      5A5       39         0
                text4                               67E      67E       A3         0
                text3                               54F      54F       26         0
                text2                               622      622       5C         0
                text1                               52C      52C       23         0
                maintext                            721      721       DB         0

        CLASS   STRCODE        

        CLASS   STRING         
                strings                               3        3       58         0

        CLASS   CONST          

        CLASS   ENTRY          

        CLASS   COMMON         
                cstackCOMMON                         70       70        E         1

        CLASS   BANK0          
                cstackBANK0                          20       20        5         1

        CLASS   BANK1          

        CLASS   BANK2          

        CLASS   BANK3          

        CLASS   RAM            

        CLASS   ABS1           
                abs_s1                               7E       7E        2         1

        CLASS   SFR0           

        CLASS   SFR1           

        CLASS   SFR2           

        CLASS   SFR3           

        CLASS   CONFIG         
                config                             2007     2007        2         4

        CLASS   IDLOC          

        CLASS   EEDATA         



SEGMENTS        Name                           Load    Length   Top    Selector   Space  Class     Delta

                reset_vec                      000000  000003  000003         0       0  CODE        2
                strings                        000003  000058  00005B         6       0  STRING      2
                cstackBANK0                    000020  000005  000025        20       1  BANK0       1
                cstackCOMMON                   000070  00000E  00007E        70       1  COMMON      1
                text1                          00052C  000023  00054F       A58       0  CODE        2
                text3                          00054F  000026  000575       A9E       0  CODE        2
                text7                          000575  000030  0005A5       AEA       0  CODE        2
                text5                          0005A5  000039  0005DE       B4A       0  CODE        2
                text6                          0005DE  000044  000622       BBC       0  CODE        2
                text2                          000622  00005C  00067E       C44       0  CODE        2
                text4                          00067E  0000A3  000721       CFC       0  CODE        2
                maintext                       000721  0000DB  0007FC       E42       0  CODE        2
                cinit                          0007FC  000004  000800       FF8       0  CODE        2


UNUSED ADDRESS RANGES

        Name                Unused          Largest block    Delta
        BANK0            0025-006F             4B           1
        BANK1            00A0-00EF             50           1
        BANK2            0110-016F             60           1
        BANK3            0190-01EF             60           1
        CODE             005B-052B            4D1           2
                         0800-1FFF            800
        CONST            005B-052B            100           2
                         0800-1FFF            100
        EEDATA           2100-21FF            100           2
        ENTRY            005B-052B            100           2
                         0800-1FFF            100
        IDLOC            2000-2003              4           2
        RAM              0025-006F             4B           1
                         00A0-00EF             50
                         0110-016F             60
                         0190-01EF             60
        SFR0             0000-001F             20           1
        SFR1             0080-009F             20           1
        SFR2             0100-010F             10           1
        SFR3             0180-018F             10           1
        STACK            0110-016F             60           1
        STRCODE          005B-052B            4D1           2
                         0800-1FFF           1800
        STRING           005B-052B            100           2
                         0800-1FFF            100

                                  Symbol Table

_RD1                     (abs)        0041
_RD2                     (abs)        0042
_RD3                     (abs)        0043
_RD4                     (abs)        0044
_RD5                     (abs)        0045
_RD6                     (abs)        0046
_RD7                     (abs)        0047
_TRISD1                  (abs)        0441
_TRISD2                  (abs)        0442
_TRISD3                  (abs)        0443
_TRISD4                  (abs)        0444
_TRISD5                  (abs)        0445
_TRISD6                  (abs)        0446
_TRISD7                  (abs)        0447
__Habs1                  abs1         0000
__Hbank0                 bank0        0000
__Hbank1                 bank1        0000
__Hbank2                 bank2        0000
__Hbank3                 bank3        0000
__Hcinit                 cinit        0800
__Hclrtext               clrtext      0000
__Hcode                  code         0000
__Hcommon                common       0000
__Hconfig                config       2009
__HcstackBANK0           cstackBANK0  0000
__HcstackCOMMON          cstackCOMMON 0000
__Heeprom_data           eeprom_data  0000
__Hend_init              end_init     0003
__Hfunctab               functab      0000
__Hinit                  init         0000
__Hintentry              intentry     0000
__Hmaintext              maintext     0000
__Hpowerup               powerup      0000
__Hram                   ram          0000
__Hreset_vec             reset_vec    0000
__Hsfr0                  sfr0         0000
__Hsfr1                  sfr1         0000
__Hsfr2                  sfr2         0000
__Hsfr3                  sfr3         0000
__Hspace_0               (abs)        0800
__Hspace_1               (abs)        007E
__Hspace_2               (abs)        0000
__Hspace_3               (abs)        0000
__Hspace_4               (abs)        4010
__Hstack                 stack        0000
__Hstrings               strings      0000
__Htext                  text         0000
__Labs1                  abs1         0000
__Lbank0                 bank0        0000
__Lbank1                 bank1        0000
__Lbank2                 bank2        0000
__Lbank3                 bank3        0000
__Lcinit                 cinit        07FC
__Lclrtext               clrtext      0000
__Lcode                  code         0000
__Lcommon                common       0000
__Lconfig                config       0000
__LcstackBANK0           cstackBANK0  0000
__LcstackCOMMON          cstackCOMMON 0000
__Leeprom_data           eeprom_data  0000
__Lend_init              end_init     0000
__Lfunctab               functab      0000
__Linit                  init         0000
__Lintentry              intentry     0000
__Lmaintext              maintext     0000
__Lpowerup               powerup      0000
__Lram                   ram          0000
__Lreset_vec             reset_vec    0000
__Lsfr0                  sfr0         0000
__Lsfr1                  sfr1         0000
__Lsfr2                  sfr2         0000
__Lsfr3                  sfr3         0000
__Lspace_0               (abs)        0000
__Lspace_1               (abs)        0000
__Lspace_2               (abs)        0000
__Lspace_3               (abs)        0000
__Lspace_4               (abs)        0000
__Lstack                 stack        0000
__Lstrings               strings      0000
__Ltext                  text         0000
__S0                     (abs)        0800
__S1                     (abs)        007E
__S2                     (abs)        0000
__S3                     (abs)        0000
___int_sp                stack        0000
___latbits               (abs)        0002
___sp                    stack        0000
___stackhi               (abs)        0000
___stacklo               (abs)        0000
__end_of__initialization cinit        07FC
__end_of__stringtab      strings      0009
__end_of_cgram_dat       strings      0032
__end_of_dat_line1       strings      0045
__end_of_dat_line2       strings      005B
__end_of_dat_line3       strings      003F
__end_of_dat_line4       strings      0050
__end_of_lcd_busy        text7        05A5
__end_of_lcd_gotoxy      text3        0575
__end_of_lcd_init        text4        0721
__end_of_lcd_put_byte    text5        05DE
__end_of_lcd_put_nibble  text6        0622
__end_of_lcd_putc        text2        067E
__end_of_lcd_puts        text1        054F
__end_of_main            maintext     07FC
__initialization         cinit        07FC
__pcstackBANK0           cstackBANK0  0020
__pcstackCOMMON          cstackCOMMON 0070
__pmaintext              maintext     0721
__pstrings               strings      0003
__ptext1                 text1        052C
__ptext2                 text2        0622
__ptext3                 text3        054F
__ptext4                 text4        067E
__ptext5                 text5        05A5
__ptext6                 text6        05DE
__ptext7                 text7        0575
__size_of_lcd_busy       (abs)        0000
__size_of_lcd_gotoxy     (abs)        0000
__size_of_lcd_init       (abs)        0000
__size_of_lcd_put_byte   (abs)        0000
__size_of_lcd_put_nibble (abs)        0000
__size_of_lcd_putc       (abs)        0000
__size_of_lcd_puts       (abs)        0000
__size_of_main           (abs)        0000
__stringbase             strings      0008
__stringtab              strings      0003
_cgram_dat               strings      0009
_dat_line1               strings      003F
_dat_line2               strings      0050
_dat_line3               strings      0032
_dat_line4               strings      0045
_lcd_busy                text7        0575
_lcd_gotoxy              text3        054F
_lcd_init                text4        067E
_lcd_put_byte            text5        05A5
_lcd_put_nibble          text6        05DE
_lcd_putc                text2        0622
_lcd_puts                text1        052C
_main                    maintext     0721
btemp                    (abs)        007E
end_of_initialization    cinit        07FC
intlevel0                functab      0000
intlevel1                functab      0000
intlevel2                functab      0000
intlevel3                functab      0000
intlevel4                functab      0000
intlevel5                functab      0000
lcd_busy@busy            cstackCOMMON 0071
lcd_gotoxy@address       cstackCOMMON 0079
lcd_gotoxy@col           cstackCOMMON 0078
lcd_gotoxy@row           cstackCOMMON 0076
lcd_put_byte@b           cstackCOMMON 0073
lcd_put_byte@rs          cstackCOMMON 0075
lcd_put_nibble@b         cstackCOMMON 0071
lcd_put_nibble@temp      cstackCOMMON 0072
lcd_putc@c               cstackCOMMON 007C
lcd_puts@s               cstackBANK0  0020
main@i                   cstackBANK0  0024
reset_vec                reset_vec    0000
start                    init         0000
start_initialization     cinit        07FC
wtemp0                   (abs)        007E


MODULE INFORMATION

Module		Function		Class		Link	Load	Size
MSSvcosdau.c
		_main          		CODE           	0721	0000	219

MSSvcosdau.c estimated size: 219

shared
		__stringtab    		STRING         	0003	0000	6
		__initialization		CODE           	07FC	0000	1
		_dat_line1     		STRING         	003F	0000	6
		_dat_line2     		STRING         	0050	0000	11
		_dat_line3     		STRING         	0032	0000	13
		_dat_line4     		STRING         	0045	0000	11
		_cgram_dat     		STRING         	0009	0000	41

shared estimated size: 89

lcd.c
		_lcd_busy      		CODE           	0575	0000	48
		_lcd_putc      		CODE           	0622	0000	92
		_lcd_puts      		CODE           	052C	0000	35
		_lcd_put_byte  		CODE           	05A5	0000	57
		_lcd_put_nibble		CODE           	05DE	0000	68
		_lcd_gotoxy    		CODE           	054F	0000	38
		_lcd_init      		CODE           	067E	0000	163

lcd.c estimated size: 501

